## GC 탈착하며 로그 살펴보기


| Java 버전 | 기본 가비지 컬렉터 | 특징 및 목적 |
|-----------|------------------|--------------|
| **Java 8** | Parallel Collector (병렬 컬렉터)  (Throughput Collector) | 여러 스레드를 사용하여 가비지 컬렉션을 수행. 전체 처리량을 최대화하고 가비지 컬렉션 시간을 최소화하는 데 중점을 둠. |
| **Java 9 ~ Java 17** | G1 Garbage Collector (G1 가비지 컬렉터) | 힙을 여러 영역으로 나누고 이 영역들의 부분 집합을 점진적으로 수집. 처리량과 가비지 컬렉션 중단 시간 사이의 균형을 제공. |
| **Java 21** | Generational ZGC (세대별 Z 가비지 컬렉터) | 세대별 메모리 관리를 도입하여 젊은 객체와 오래된 객체를 별도로 관리. 전체 처리량 유지 및 필요한 힙 크기를 줄이는 동시에 낮은 지연시간과 높은 확장성을 목표로 함. |


---

## serial GC 결과

> VM 옵션 : -XX:+UseSerialGC -verbose:gc -XX:+PrintGCDetails -XX:+PrintGCTimeStamps


- **DefNew**(Default New Generation) : Young Generation의 GC
- **Tenured**(Old Generation) : Old Generation의 GC
- real : STW의 지속시간

```
1.439: [GC (Allocation Failure) 1.439: [DefNew: 69952K->7719K(78656K), 0.0189293 secs] 69952K->7719K(253440K), 0.0191991 secs] [Times: user=0.01 sys=0.01, real=0.02 secs] 
1.818: [GC (Allocation Failure) 1.818: [DefNew: 77671K->1951K(78656K), 0.0175545 secs] 77671K->4889K(253440K), 0.0175961 secs] [Times: user=0.02 sys=0.00, real=0.02 secs] 
2.714: [GC (Allocation Failure) 2.714: [DefNew: 71903K->6581K(78656K), 0.0096672 secs] 74841K->9519K(253440K), 0.0097023 secs] [Times: user=0.01 sys=0.00, real=0.01 secs] 
3.408: [Full GC (Metadata GC Threshold) 3.408: [Tenured: 2938K->13320K(174784K), 0.0620755 secs] 70198K->13320K(253440K), [Metaspace: 20882K->20882K(1067008K)], 0.0621603 secs] [Times: user=0.05 sys=0.01, real=0.06 secs] 
4.114: [GC (Allocation Failure) 4.114: [DefNew: 70016K->4954K(78720K), 0.0080601 secs] 83336K->18274K(253504K), 0.0080978 secs] [Times: user=0.01 sys=0.00, real=0.01 secs] 
35.991: [GC (Allocation Failure) 35.991: [DefNew: 74970K->8137K(78720K), 0.0261562 secs] 88290K->23917K(253504K), 0.0262127 secs] [Times: user=0.02 sys=0.01, real=0.02 secs] 
```

## Parallel GC 결과

> -XX:+UseParallelGC -verbose:gc -XX:+PrintGCDetails -XX:+PrintGCTimeStamps

- PSYoungGen(Parallel Scavenge Young Generation) : Young Generation의 GC
- ParOldGen(Parallel Scavenge Old Generation) : Old Generation의 GC
- Metaspace : 클래스 메타데이터 (Java 8 부터 Permanent Generation의 대체)

```
1.216: [GC (Allocation Failure) [PSYoungGen: 65536K->7621K(76288K)] 65536K->7629K(251392K), 0.0189037 secs] [Times: user=0.08 sys=0.02, real=0.02 secs] 
1.609: [GC (Allocation Failure) [PSYoungGen: 73157K->4904K(141824K)] 73165K->4920K(316928K), 0.0174696 secs] [Times: user=0.08 sys=0.02, real=0.02 secs] 
3.235: [GC (Allocation Failure) [PSYoungGen: 135976K->10722K(141824K)] 135992K->13527K(316928K), 0.0364848 secs] [Times: user=0.16 sys=0.04, real=0.03 secs] 
3.411: [GC (Metadata GC Threshold) [PSYoungGen: 20084K->10733K(272896K)] 22889K->14375K(448000K), 0.0292350 secs] [Times: user=0.13 sys=0.04, real=0.03 secs] 
3.440: [Full GC (Metadata GC Threshold) [PSYoungGen: 10733K->0K(272896K)] [ParOldGen: 3642K->11363K(87552K)] 14375K->11363K(360448K), [Metaspace: 20875K->20875K(1067008K)], 0.0314251 secs] [Times: user=0.12 sys=0.00, real=0.03 secs] 
Heap
 PSYoungGen      total 272896K, used 194027K [0x000000076ab00000, 0x000000077c000000, 0x00000007c0000000)
  eden space 262144K, 74% used [0x000000076ab00000,0x000000077687aed8,0x000000077ab00000)
  from space 10752K, 0% used [0x000000077b580000,0x000000077b580000,0x000000077c000000)
  to   space 10752K, 0% used [0x000000077ab00000,0x000000077ab00000,0x000000077b580000)
 ParOldGen       total 87552K, used 11363K [0x00000006c0000000, 0x00000006c5580000, 0x000000076ab00000)
  object space 87552K, 12% used [0x00000006c0000000,0x00000006c0b18dd8,0x00000006c5580000)
 Metaspace       used 29099K, capacity 29558K, committed 29824K, reserved 1075200K
  class space    used 3824K, capacity 3936K, committed 3968K, reserved 1048576K
```

### CMS GC 결과

> -XX:+UseConcMarkSweepGC -verbose:gc -XX:+PrintGCDetails -XX:+PrintGCTimeStamps

- ParNew: CMS와 함께 사용되는 Young Generation을 위한 가비지 컬렉터
  - CMS- : Old Generation 관련 이벤트들 
  - **CMS Initial Mark**: Old Generation에서 살아있는 객체들의 초기 집합을 마킹. STW(Stop-The-World) 이벤트 발생.
  - **CMS-concurrent-mark**: Old Generation에서 살아있는 객체들을 마킹하는 동시 수행. 애플리케이션 실행을 방해하지 않음
  - **CMS-concurrent-preclean**: 마킹 과정 동안 변경된 객체에 대한 사전 정리 작업을 수행하는 단계
  - **CMS Final Remark**: 최종적으로 살아있는 객체들의 마킹을 검증하고 완료 짧은 STW 이벤트 발생
  - **CMS-concurrent-sweep**: 메모리 회수
  - **CMS-concurrent-reset**: CMS 가비지 컬렉터를 다음 실행을 위해 초기화

```

1.531: [GC (Allocation Failure) 1.531: [ParNew: 69952K->7773K(78656K), 0.0218430 secs] 69952K->7773K(253440K), 0.0221494 secs] [Times: user=0.09 sys=0.02, real=0.03 secs] 
1.934: [GC (Allocation Failure) 1.934: [ParNew: 77725K->4789K(78656K), 0.0382080 secs] 77725K->7795K(253440K), 0.0382519 secs] [Times: user=0.11 sys=0.03, real=0.03 secs] 
2.892: [GC (Allocation Failure) 2.892: [ParNew: 74741K->7169K(78656K), 0.0086098 secs] 77747K->10175K(253440K), 0.0086467 secs] [Times: user=0.04 sys=0.01, real=0.01 secs] 
3.751: [GC (Allocation Failure) 3.751: [ParNew: 77121K->8704K(78656K), 0.0149242 secs] 80127K->15553K(253440K), 0.0149661 secs] [Times: user=0.06 sys=0.01, real=0.02 secs] 
3.766: [GC (CMS Initial Mark) [1 CMS-initial-mark: 6849K(174784K)] 15553K(253440K), 0.0015075 secs] [Times: user=0.00 sys=0.00, real=0.00 secs] 
3.768: [CMS-concurrent-mark-start]
3.775: [CMS-concurrent-mark: 0.007/0.007 secs] [Times: user=0.02 sys=0.01, real=0.01 secs] 
3.775: [CMS-concurrent-preclean-start]
3.776: [CMS-concurrent-preclean: 0.001/0.001 secs] [Times: user=0.00 sys=0.00, real=0.00 secs] 
3.778: [GC (CMS Final Remark) [YG occupancy: 9599 K (78656 K)]3.778: [Rescan (parallel) , 0.0019422 secs]3.780: [weak refs processing, 0.0000430 secs]3.780: [class unloading, 0.0031498 secs]3.783: [scrub symbol table, 0.0016376 secs]3.785: [scrub string table, 0.0005115 secs][1 CMS-remark: 6849K(174784K)] 16448K(253440K), 0.0074833 secs] [Times: user=0.02 sys=0.00, real=0.01 secs] 
3.786: [CMS-concurrent-sweep-start]
3.789: [CMS-concurrent-sweep: 0.004/0.004 secs] [Times: user=0.01 sys=0.00, real=0.00 secs] 
3.790: [CMS-concurrent-reset-start]
3.812: [CMS-concurrent-reset: 0.023/0.023 secs] [Times: user=0.03 sys=0.01, real=0.03 secs] 
4.447: [GC (Allocation Failure) 4.447: [ParNew: 78656K->7482K(78656K), 0.0113807 secs] 84720K->20383K(253440K), 0.0114228 secs] [Times: user=0.04 sys=0.01, real=0.01 secs] 
18.181: [GC (Allocation Failure) 18.181: [ParNew: 77434K->8703K(78656K), 0.0081283 secs] 90335K->24550K(253440K), 0.0081720 secs] [Times: user=0.03 sys=0.01, real=0.01 secs] 
Heap
 par new generation   total 78656K, used 18307K [0x00000006c0000000, 0x00000006c5550000, 0x00000006e9990000)
  eden space 69952K,  13% used [0x00000006c0000000, 0x00000006c0960c48, 0x00000006c4450000)
  from space 8704K,  99% used [0x00000006c4450000, 0x00000006c4ccfff0, 0x00000006c4cd0000)
  to   space 8704K,   0% used [0x00000006c4cd0000, 0x00000006c4cd0000, 0x00000006c5550000)
 concurrent mark-sweep generation total 174784K, used 15846K [0x00000006e9990000, 0x00000006f4440000, 0x00000007c0000000)
 Metaspace       used 29118K, capacity 29532K, committed 29952K, reserved 1075200K
  class space    used 3829K, capacity 3969K, committed 4096K, reserved 1048576K
```

> -XX:-UseParallelOldGC -verbose:gc -XX:+PrintGCDetails -XX:+PrintGCTimeStamps

- [Java 7 Update 4 이상이면 UseParallelGC와 UseParallelOldGC 중 어느 하나만 사용해도 결국 UseParallelOldGC 처럼 동작](https://docs.oracle.com/javase/8/docs/technotes/guides/vm/gctuning/collectors.html#sthref27)
```
1.441: [GC (Allocation Failure) [PSYoungGen: 65536K->7634K(76288K)] 65536K->7642K(251392K), 0.0179812 secs] [Times: user=0.07 sys=0.01, real=0.01 secs] 
1.840: [GC (Allocation Failure) [PSYoungGen: 73170K->4872K(141824K)] 73178K->4888K(316928K), 0.0171560 secs] [Times: user=0.08 sys=0.02, real=0.01 secs] 
3.419: [GC (Allocation Failure) [PSYoungGen: 135944K->10732K(141824K)] 135960K->13530K(316928K), 0.0384237 secs] [Times: user=0.16 sys=0.05, real=0.03 secs] 
3.622: [GC (Metadata GC Threshold) [PSYoungGen: 22879K->10731K(272896K)] 25678K->14405K(448000K), 0.0321335 secs] [Times: user=0.16 sys=0.05, real=0.03 secs] 
3.654: [Full GC (Metadata GC Threshold) [PSYoungGen: 10731K->0K(272896K)] [PSOldGen: 3673K->14275K(91136K)] 14405K->14275K(364032K), [Metaspace: 20886K->20886K(1067008K)], 0.0319246 secs] [Times: user=0.02 sys=0.00, real=0.03 secs] 
Heap
 PSYoungGen      total 272896K, used 205087K [0x000000076ab00000, 0x000000077c000000, 0x00000007c0000000)
  eden space 262144K, 78% used [0x000000076ab00000,0x0000000777347d18,0x000000077ab00000)
  from space 10752K, 0% used [0x000000077b580000,0x000000077b580000,0x000000077c000000)
  to   space 10752K, 0% used [0x000000077ab00000,0x000000077ab00000,0x000000077b580000)
 PSOldGen        total 91136K, used 14275K [0x00000006c0000000, 0x00000006c5900000, 0x000000076ab00000)
  object space 91136K, 15% used [0x00000006c0000000,0x00000006c0df0d38,0x00000006c5900000)
 Metaspace       used 29101K, capacity 29532K, committed 29952K, reserved 1075200K
  class space    used 3826K, capacity 3969K, committed 4096K, reserved 1048576K
```

## G1 GC 결과

-  Java 9 이후 버전부터는 새로운 로깅 시스템인 Unified JVM Logging을 도입

> -XX:+UseG1GC -Xlog:gc*

- Pause Young (G1 Evacuation Pause): Young Generation 영역의 가비지 컬렉션 발생. 작업자 스레드 수와 각 GC 단계(Pre Evacuate, Evacuate, Post Evacuate, Other)의 소요 시간 제공.
- Eden, Survivor, Old, Humongous 영역: 가비지 컬렉션 전후의 각 영역의 크기와 상태 정보 제공.
- Metaspace 정보: 사용량과 크기 정보 제공.
- CPU 사용 시간: 가비지 컬렉션에 소요된 사용자(user) 및 시스템(sys) CPU 시간, 실제(real) 시간 제공.
- Concurrent Marking Cycle: 동시 마킹 사이클 진행 상황 및 각 단계(Concurrent Clear, Scan Root Regions, Preclean 등)의 소요 시간과 상태 정보 제공.
- Pause Remark 및 Cleanup: 가비지 컬렉션 중 Remark 및 Cleanup 단계에 대한 정보 제공.
- 힙 상태 요약: 프로그램 종료 시점의 힙 상태 요약 정보 제공. 힙의 전체 크기, 사용량, 각 영역의 상태 및 Metaspace 정보 포함.

```
[0.084s][info][gc,heap] Heap region size: 1M
[0.085s][info][gc     ] Using G1
[0.085s][info][gc,heap,coops] Heap address: 0x00000006c0000000, size: 4096 MB, Compressed Oops mode: Zero based, Oop shift amount: 3
[0.809s][info][gc,start     ] GC(0) Pause Young (Normal) (G1 Evacuation Pause)
[0.809s][info][gc,task      ] GC(0) Using 6 workers of 8 for evacuation
[0.814s][info][gc,phases    ] GC(0)   Pre Evacuate Collection Set: 0.0ms
[0.814s][info][gc,phases    ] GC(0)   Evacuate Collection Set: 4.0ms
[0.814s][info][gc,phases    ] GC(0)   Post Evacuate Collection Set: 0.5ms
[0.814s][info][gc,phases    ] GC(0)   Other: 0.6ms
[0.814s][info][gc,heap      ] GC(0) Eden regions: 24->0(150)
[0.814s][info][gc,heap      ] GC(0) Survivor regions: 0->3(3)
[0.814s][info][gc,heap      ] GC(0) Old regions: 0->2
[0.814s][info][gc,heap      ] GC(0) Humongous regions: 0->0
[0.814s][info][gc,metaspace ] GC(0) Metaspace: 13994K(14592K)->13994K(14592K) NonClass: 12427K(12800K)->12427K(12800K) Class: 1566K(1792K)->1566K(1792K)
[0.814s][info][gc           ] GC(0) Pause Young (Normal) (G1 Evacuation Pause) 24M->4M(256M) 4.968ms
[0.814s][info][gc,cpu       ] GC(0) User=0.02s Sys=0.00s Real=0.01s
[1.258s][info][gc,start     ] GC(1) Pause Young (Normal) (G1 Evacuation Pause)
[1.258s][info][gc,task      ] GC(1) Using 6 workers of 8 for evacuation
[1.261s][info][gc,phases    ] GC(1)   Pre Evacuate Collection Set: 0.0ms
[1.261s][info][gc,phases    ] GC(1)   Evacuate Collection Set: 3.3ms
[1.261s][info][gc,phases    ] GC(1)   Post Evacuate Collection Set: 0.2ms
[1.261s][info][gc,phases    ] GC(1)   Other: 0.1ms
[1.262s][info][gc,heap      ] GC(1) Eden regions: 61->0(74)
[1.262s][info][gc,heap      ] GC(1) Survivor regions: 3->6(8)
[1.262s][info][gc,heap      ] GC(1) Old regions: 2->2
[1.262s][info][gc,heap      ] GC(1) Humongous regions: 0->0
[1.262s][info][gc,metaspace ] GC(1) Metaspace: 19318K(19840K)->19318K(19840K) NonClass: 17043K(17408K)->17043K(17408K) Class: 2274K(2432K)->2274K(2432K)
[1.262s][info][gc           ] GC(1) Pause Young (Normal) (G1 Evacuation Pause) 65M->6M(256M) 3.662ms
[1.262s][info][gc,cpu       ] GC(1) User=0.02s Sys=0.00s Real=0.01s
[1.340s][info][gc,start     ] GC(2) Pause Young (Concurrent Start) (Metadata GC Threshold)
[1.340s][info][gc,task      ] GC(2) Using 6 workers of 8 for evacuation
[1.345s][info][gc,phases    ] GC(2)   Pre Evacuate Collection Set: 0.0ms
[1.345s][info][gc,phases    ] GC(2)   Evacuate Collection Set: 5.3ms
[1.345s][info][gc,phases    ] GC(2)   Post Evacuate Collection Set: 0.2ms
[1.345s][info][gc,phases    ] GC(2)   Other: 0.1ms
[1.345s][info][gc,heap      ] GC(2) Eden regions: 15->0(76)
[1.345s][info][gc,heap      ] GC(2) Survivor regions: 6->4(10)
[1.345s][info][gc,heap      ] GC(2) Old regions: 2->5
[1.345s][info][gc,heap      ] GC(2) Humongous regions: 0->0
[1.345s][info][gc,metaspace ] GC(2) Metaspace: 20670K(21296K)->20670K(21296K) NonClass: 18207K(18608K)->18207K(18608K) Class: 2463K(2688K)->2463K(2688K)
[1.345s][info][gc           ] GC(2) Pause Young (Concurrent Start) (Metadata GC Threshold) 21M->7M(256M) 5.685ms
[1.345s][info][gc,cpu       ] GC(2) User=0.02s Sys=0.00s Real=0.01s
[1.345s][info][gc           ] GC(3) Concurrent Cycle
[1.345s][info][gc,marking   ] GC(3) Concurrent Clear Claimed Marks
[1.345s][info][gc,marking   ] GC(3) Concurrent Clear Claimed Marks 0.008ms
[1.345s][info][gc,marking   ] GC(3) Concurrent Scan Root Regions
[1.347s][info][gc,marking   ] GC(3) Concurrent Scan Root Regions 1.391ms
[1.347s][info][gc,marking   ] GC(3) Concurrent Mark (1.347s)
[1.347s][info][gc,marking   ] GC(3) Concurrent Mark From Roots
[1.347s][info][gc,task      ] GC(3) Using 2 workers of 2 for marking
[1.349s][info][gc,marking   ] GC(3) Concurrent Mark From Roots 2.324ms
[1.349s][info][gc,marking   ] GC(3) Concurrent Preclean
[1.349s][info][gc,marking   ] GC(3) Concurrent Preclean 0.021ms
[1.349s][info][gc,marking   ] GC(3) Concurrent Mark (1.347s, 1.349s) 2.356ms
[1.349s][info][gc,start     ] GC(3) Pause Remark
[1.350s][info][gc,stringtable] GC(3) Cleaned string and symbol table, strings: 11359 processed, 0 removed, symbols: 75919 processed, 412 removed
[1.350s][info][gc            ] GC(3) Pause Remark 8M->8M(256M) 1.169ms
[1.350s][info][gc,cpu        ] GC(3) User=0.01s Sys=0.01s Real=0.00s
[1.350s][info][gc,marking    ] GC(3) Concurrent Rebuild Remembered Sets
[1.352s][info][gc,marking    ] GC(3) Concurrent Rebuild Remembered Sets 1.802ms
[1.352s][info][gc,start      ] GC(3) Pause Cleanup
[1.352s][info][gc            ] GC(3) Pause Cleanup 8M->8M(256M) 0.054ms
[1.352s][info][gc,cpu        ] GC(3) User=0.00s Sys=0.00s Real=0.00s
[1.352s][info][gc,marking    ] GC(3) Concurrent Cleanup for Next Mark
[1.353s][info][gc,marking    ] GC(3) Concurrent Cleanup for Next Mark 0.353ms
[1.353s][info][gc            ] GC(3) Concurrent Cycle 7.297ms
[1.906s][info][gc,start      ] GC(4) Pause Young (Normal) (G1 Evacuation Pause)
[1.906s][info][gc,task       ] GC(4) Using 6 workers of 8 for evacuation
[1.911s][info][gc,phases     ] GC(4)   Pre Evacuate Collection Set: 0.0ms
[1.911s][info][gc,phases     ] GC(4)   Evacuate Collection Set: 4.6ms
[1.911s][info][gc,phases     ] GC(4)   Post Evacuate Collection Set: 0.2ms
[1.911s][info][gc,phases     ] GC(4)   Other: 0.1ms
[1.911s][info][gc,heap       ] GC(4) Eden regions: 76->0(143)
[1.911s][info][gc,heap       ] GC(4) Survivor regions: 4->10(10)
[1.911s][info][gc,heap       ] GC(4) Old regions: 5->5
[1.911s][info][gc,heap       ] GC(4) Humongous regions: 0->0
[1.911s][info][gc,metaspace  ] GC(4) Metaspace: 28119K(28848K)->28119K(28848K) NonClass: 24733K(25264K)->24733K(25264K) Class: 3385K(3584K)->3385K(3584K)
[1.911s][info][gc            ] GC(4) Pause Young (Normal) (G1 Evacuation Pause) 83M->14M(256M) 4.904ms
[1.911s][info][gc,cpu        ] GC(4) User=0.02s Sys=0.00s Real=0.00s
[39.909s][info][gc,heap,exit  ] Heap
[39.909s][info][gc,heap,exit  ]  garbage-first heap   total 262144K, used 89964K [0x00000006c0000000, 0x00000007c0000000)
[39.909s][info][gc,heap,exit  ]   region size 1024K, 82 young (83968K), 10 survivors (10240K)
[39.909s][info][gc,heap,exit  ]  Metaspace       used 34772K, capacity 35395K, committed 35760K, reserved 1081344K
[39.909s][info][gc,heap,exit  ]   class space    used 4261K, capacity 4493K, committed 4608K, reserved 1048576K
```


## ZGC 결과

> -XX:+UnlockExperimentalVMOptions -XX:+UseZGC -Xlog:gc* 

### jdk 11 : oracle, correto jdk로 시도 시 에러 발생  

- java 11 부터 (single) ZGC **실험적으로** 적용가능하다고 해 시도해봤지만, jdk 종류에 따라 지원하지 않는 경우가 있으므로 주의해야함.

```
Error occurred during initialization of VM
Option -XX:+UseZGC not supported
```

### jdk 21  

> -XX:+UseZGC -Xlog:gc*  

- ZGC 초기화 및 설정: ZGC 초기화 중임을 나타내며, 버전 정보, CPU 수, 메모리 크기, 대형 페이지 지원, GC 작업자 수 등의 정보 제공.

- Garbage Collection (GC) 이벤트: Metadata GC Threshold로 인한 가비지 컬렉션 발생 시점과 작업자 수 제공.
GC 단계별 시간(예: Pause Mark Start, Concurrent Mark, Pause Mark End 등) 및 작업 내용 기록.
GC 중 사용된 메모리 영역의 상태와 변화(예: Eden, Survivor, Old, Humongous 영역) 정보 포함.
GC에 소요된 CPU 시간 및 부하

- Metaspace 및 참조 처리: Metaspace 사용량 및 압축된 클래스 공간에 대한 정보 포함. Soft, Weak, Final, Phantom 참조에 대한 처리 정보 제공.

- 페이지 처리 및 메모리 관리: 메모리 할당 및 회수, 가비지 및 재활용 관련 정보 제공.
- GC 통계 및 시스템 정보: 가비지 컬렉션 주기, 마크 단계, 비동기 처리, 참조 처리 등에 대한 통계 정보, 시스템의 Java 스레드 수 및 기타 성능 지표 포함.


```
[0.006s][info][gc,init] Initializing The Z Garbage Collector
[0.006s][info][gc,init] Version: 21.0.2+13-58 (release)
[0.006s][info][gc,init] Using legacy single-generation mode
[0.006s][info][gc,init] NUMA Support: Disabled
[0.006s][info][gc,init] CPUs: 8 total, 8 available
[0.006s][info][gc,init] Memory: 16384M
[0.006s][info][gc,init] Large Page Support: Disabled
[0.006s][info][gc,init] GC Workers: 2 (dynamic)
[0.007s][info][gc,init] Address Space Type: Contiguous/Unrestricted/Complete
[0.007s][info][gc,init] Address Space Size: 65536M x 3 = 196608M
[0.007s][info][gc,init] Min Capacity: 8M
[0.007s][info][gc,init] Initial Capacity: 256M
[0.007s][info][gc,init] Max Capacity: 4096M
[0.007s][info][gc,init] Medium Page Size: 32M
[0.007s][info][gc,init] Pre-touch: Disabled
[0.007s][info][gc,init] Uncommit: Enabled
[0.007s][info][gc,init] Uncommit Delay: 300s
[0.007s][info][gc,init] Runtime Workers: 5
[0.008s][info][gc     ] Using The Z Garbage Collector
[0.009s][info][gc,metaspace] CDS archive(s) mapped at: [0x0000000800000000-0x0000000800ca4000-0x0000000800ca4000), size 13254656, SharedBaseAddress: 0x0000000800000000, ArchiveRelocationMode: 1.
[0.009s][info][gc,metaspace] Compressed class space mapped at: 0x0000000801000000-0x0000000841000000, reserved size: 1073741824
[0.009s][info][gc,metaspace] Narrow klass base: 0x0000000800000000, Narrow klass shift: 0, Narrow klass range: 0x100000000
[1.076s][info][gc,start    ] GC(0) Garbage Collection (Metadata GC Threshold)
[1.076s][info][gc,task     ] GC(0) Using 2 workers
[1.076s][info][gc,phases   ] GC(0) Pause Mark Start 0.010ms
[1.096s][info][gc,phases   ] GC(0) Concurrent Mark 19.677ms
[1.096s][info][gc,phases   ] GC(0) Pause Mark End 0.023ms
[1.096s][info][gc,phases   ] GC(0) Concurrent Mark Free 0.000ms
[1.100s][info][gc,phases   ] GC(0) Concurrent Process Non-Strong References 3.317ms
[1.100s][info][gc,phases   ] GC(0) Concurrent Reset Relocation Set 0.000ms
[1.108s][info][gc,phases   ] GC(0) Concurrent Select Relocation Set 8.312ms
[1.108s][info][gc,phases   ] GC(0) Pause Relocate Start 0.007ms
[1.118s][info][gc,phases   ] GC(0) Concurrent Relocate 9.321ms
[1.118s][info][gc,load     ] GC(0) Load: 1.96/2.09/2.19
[1.118s][info][gc,mmu      ] GC(0) MMU: 2ms/98.9%, 5ms/99.5%, 10ms/99.8%, 20ms/99.8%, 50ms/99.9%, 100ms/100.0%
[1.118s][info][gc,marking  ] GC(0) Mark: 2 stripe(s), 2 proactive flush(es), 1 terminate flush(es), 0 completion(s), 0 continuation(s) 
[1.118s][info][gc,marking  ] GC(0) Mark Stack Usage: 32M
[1.118s][info][gc,nmethod  ] GC(0) NMethods: 2384 registered, 42 unregistered
[1.118s][info][gc,metaspace] GC(0) Metaspace: 21M used, 21M committed, 1088M reserved
[1.118s][info][gc,ref      ] GC(0) Soft: 4216 encountered, 0 discovered, 0 enqueued
[1.118s][info][gc,ref      ] GC(0) Weak: 2548 encountered, 1084 discovered, 770 enqueued
[1.118s][info][gc,ref      ] GC(0) Final: 0 encountered, 0 discovered, 0 enqueued
[1.118s][info][gc,ref      ] GC(0) Phantom: 863 encountered, 760 discovered, 601 enqueued
[1.118s][info][gc,reloc    ] GC(0) Small Pages: 45 / 90M, Empty: 0M, Relocated: 10M, In-Place: 0
[1.118s][info][gc,reloc    ] GC(0) Medium Pages: 1 / 32M, Empty: 0M, Relocated: 0M, In-Place: 0
[1.118s][info][gc,reloc    ] GC(0) Large Pages: 0 / 0M, Empty: 0M, Relocated: 0M, In-Place: 0
[1.118s][info][gc,reloc    ] GC(0) Forwarding Usage: 3M
[1.118s][info][gc,heap     ] GC(0) Min Capacity: 8M(0%)
[1.118s][info][gc,heap     ] GC(0) Max Capacity: 4096M(100%)
[1.118s][info][gc,heap     ] GC(0) Soft Max Capacity: 4096M(100%)
[1.118s][info][gc,heap     ] GC(0)                Mark Start          Mark End        Relocate Start      Relocate End           High               Low         
[1.118s][info][gc,heap     ] GC(0)  Capacity:      256M (6%)          256M (6%)          256M (6%)          256M (6%)          256M (6%)          256M (6%)     
[1.118s][info][gc,heap     ] GC(0)      Free:     3974M (97%)        3970M (97%)        3968M (97%)        4040M (99%)        4040M (99%)        3964M (97%)    
[1.118s][info][gc,heap     ] GC(0)      Used:      122M (3%)          126M (3%)          128M (3%)           56M (1%)          132M (3%)           56M (1%)     
[1.118s][info][gc,heap     ] GC(0)      Live:         -                13M (0%)           13M (0%)           13M (0%)             -                  -          
[1.118s][info][gc,heap     ] GC(0) Allocated:         -                 4M (0%)            6M (0%)            7M (0%)             -                  -          
[1.118s][info][gc,heap     ] GC(0)   Garbage:         -               108M (3%)          108M (3%)           34M (1%)             -                  -          
[1.118s][info][gc,heap     ] GC(0) Reclaimed:         -                  -                 0M (0%)           73M (2%)             -                  -          
[1.118s][info][gc          ] GC(0) Garbage Collection (Metadata GC Threshold) 122M(3%)->56M(1%)
[2.563s][info][gc,start    ] GC(1) Garbage Collection (Metadata GC Threshold)
[2.563s][info][gc,task     ] GC(1) Using 2 workers
[2.563s][info][gc,phases   ] GC(1) Pause Mark Start 0.007ms
[2.597s][info][gc,phases   ] GC(1) Concurrent Mark 33.566ms
[2.597s][info][gc,phases   ] GC(1) Pause Mark End 0.009ms
[2.597s][info][gc,phases   ] GC(1) Concurrent Mark Free 0.000ms
[2.604s][info][gc,phases   ] GC(1) Concurrent Process Non-Strong References 6.574ms
[2.604s][info][gc,phases   ] GC(1) Concurrent Reset Relocation Set 0.003ms
[2.611s][info][gc,phases   ] GC(1) Concurrent Select Relocation Set 7.113ms
[2.611s][info][gc,phases   ] GC(1) Pause Relocate Start 0.007ms
[2.620s][info][gc,phases   ] GC(1) Concurrent Relocate 9.174ms
[2.620s][info][gc,load     ] GC(1) Load: 1.96/2.09/2.19
[2.620s][info][gc,mmu      ] GC(1) MMU: 2ms/98.9%, 5ms/99.5%, 10ms/99.8%, 20ms/99.8%, 50ms/99.9%, 100ms/100.0%
[2.620s][info][gc,marking  ] GC(1) Mark: 2 stripe(s), 2 proactive flush(es), 1 terminate flush(es), 0 completion(s), 0 continuation(s) 
[2.620s][info][gc,marking  ] GC(1) Mark Stack Usage: 32M
[2.620s][info][gc,nmethod  ] GC(1) NMethods: 4283 registered, 29 unregistered
[2.620s][info][gc,metaspace] GC(1) Metaspace: 36M used, 36M committed, 1088M reserved
[2.620s][info][gc,ref      ] GC(1) Soft: 7612 encountered, 0 discovered, 0 enqueued
[2.620s][info][gc,ref      ] GC(1) Weak: 6660 encountered, 3499 discovered, 3030 enqueued
[2.620s][info][gc,ref      ] GC(1) Final: 0 encountered, 0 discovered, 0 enqueued
[2.620s][info][gc,ref      ] GC(1) Phantom: 754 encountered, 681 discovered, 478 enqueued
[2.620s][info][gc,reloc    ] GC(1) Small Pages: 79 / 158M, Empty: 0M, Relocated: 13M, In-Place: 0
[2.620s][info][gc,reloc    ] GC(1) Medium Pages: 1 / 32M, Empty: 0M, Relocated: 0M, In-Place: 0
[2.620s][info][gc,reloc    ] GC(1) Large Pages: 0 / 0M, Empty: 0M, Relocated: 0M, In-Place: 0
[2.620s][info][gc,reloc    ] GC(1) Forwarding Usage: 4M
[2.620s][info][gc,heap     ] GC(1) Min Capacity: 8M(0%)
[2.620s][info][gc,heap     ] GC(1) Max Capacity: 4096M(100%)
[2.620s][info][gc,heap     ] GC(1) Soft Max Capacity: 4096M(100%)
[2.620s][info][gc,heap     ] GC(1)                Mark Start          Mark End        Relocate Start      Relocate End           High               Low         
[2.620s][info][gc,heap     ] GC(1)  Capacity:      256M (6%)          256M (6%)          256M (6%)          256M (6%)          256M (6%)          256M (6%)     
[2.620s][info][gc,heap     ] GC(1)      Free:     3906M (95%)        3900M (95%)        3900M (95%)        4028M (98%)        4028M (98%)        3894M (95%)    
[2.620s][info][gc,heap     ] GC(1)      Used:      190M (5%)          196M (5%)          196M (5%)           68M (2%)          202M (5%)           68M (2%)     
[2.620s][info][gc,heap     ] GC(1)      Live:         -                24M (1%)           24M (1%)           24M (1%)             -                  -          
[2.620s][info][gc,heap     ] GC(1) Allocated:         -                 6M (0%)            6M (0%)            7M (0%)             -                  -          
[2.620s][info][gc,heap     ] GC(1)   Garbage:         -               165M (4%)          165M (4%)           35M (1%)             -                  -          
[2.620s][info][gc,heap     ] GC(1) Reclaimed:         -                  -                 0M (0%)          129M (3%)             -                  -          
[2.620s][info][gc          ] GC(1) Garbage Collection (Metadata GC Threshold) 190M(5%)->68M(2%)
[3.921s][info][gc,start    ] GC(2) Garbage Collection (Metadata GC Threshold)
[3.921s][info][gc,task     ] GC(2) Using 2 workers
[3.921s][info][gc,phases   ] GC(2) Pause Mark Start 0.004ms
[3.958s][info][gc,phases   ] GC(2) Concurrent Mark 36.893ms
[3.958s][info][gc,phases   ] GC(2) Pause Mark End 0.031ms
[3.958s][info][gc,phases   ] GC(2) Concurrent Mark Free 0.000ms
[3.964s][info][gc,phases   ] GC(2) Concurrent Process Non-Strong References 5.845ms
[3.964s][info][gc,phases   ] GC(2) Concurrent Reset Relocation Set 0.012ms
[3.966s][info][gc,phases   ] GC(2) Concurrent Select Relocation Set 2.316ms
[3.966s][info][gc,phases   ] GC(2) Pause Relocate Start 0.006ms
[3.972s][info][gc,phases   ] GC(2) Concurrent Relocate 5.564ms
[3.972s][info][gc,load     ] GC(2) Load: 2.05/2.10/2.20
[3.972s][info][gc,mmu      ] GC(2) MMU: 2ms/98.5%, 5ms/99.4%, 10ms/99.6%, 20ms/99.8%, 50ms/99.9%, 100ms/100.0%
[3.972s][info][gc,marking  ] GC(2) Mark: 2 stripe(s), 2 proactive flush(es), 2 terminate flush(es), 1 completion(s), 0 continuation(s) 
[3.972s][info][gc,marking  ] GC(2) Mark Stack Usage: 32M
[3.972s][info][gc,nmethod  ] GC(2) NMethods: 5040 registered, 55 unregistered
[3.972s][info][gc,metaspace] GC(2) Metaspace: 60M used, 61M committed, 1088M reserved
[3.972s][info][gc,ref      ] GC(2) Soft: 8513 encountered, 0 discovered, 0 enqueued
[3.972s][info][gc,ref      ] GC(2) Weak: 9672 encountered, 5866 discovered, 4141 enqueued
[3.972s][info][gc,ref      ] GC(2) Final: 0 encountered, 0 discovered, 0 enqueued
[3.972s][info][gc,ref      ] GC(2) Phantom: 891 encountered, 783 discovered, 476 enqueued
[3.972s][info][gc,reloc    ] GC(2) Small Pages: 89 / 178M, Empty: 0M, Relocated: 11M, In-Place: 0
[3.972s][info][gc,reloc    ] GC(2) Medium Pages: 2 / 64M, Empty: 32M, Relocated: 0M, In-Place: 0
[3.972s][info][gc,reloc    ] GC(2) Large Pages: 0 / 0M, Empty: 0M, Relocated: 0M, In-Place: 0
[3.972s][info][gc,reloc    ] GC(2) Forwarding Usage: 3M
[3.972s][info][gc,heap     ] GC(2) Min Capacity: 8M(0%)
[3.972s][info][gc,heap     ] GC(2) Max Capacity: 4096M(100%)
[3.972s][info][gc,heap     ] GC(2) Soft Max Capacity: 4096M(100%)
[3.972s][info][gc,heap     ] GC(2)                Mark Start          Mark End        Relocate Start      Relocate End           High               Low         
[3.972s][info][gc,heap     ] GC(2)  Capacity:      256M (6%)          256M (6%)          256M (6%)          256M (6%)          256M (6%)          256M (6%)     
[3.972s][info][gc,heap     ] GC(2)      Free:     3854M (94%)        3844M (94%)        3874M (95%)        4016M (98%)        4016M (98%)        3842M (94%)    
[3.972s][info][gc,heap     ] GC(2)      Used:      242M (6%)          252M (6%)          222M (5%)           80M (2%)          254M (6%)           80M (2%)     
[3.972s][info][gc,heap     ] GC(2)      Live:         -                33M (1%)           33M (1%)           33M (1%)             -                  -          
[3.972s][info][gc,heap     ] GC(2) Allocated:         -                10M (0%)           12M (0%)           11M (0%)             -                  -          
[3.972s][info][gc,heap     ] GC(2)   Garbage:         -               208M (5%)          176M (4%)           34M (1%)             -                  -          
[3.972s][info][gc,heap     ] GC(2) Reclaimed:         -                  -                32M (1%)          173M (4%)             -                  -          
[3.972s][info][gc          ] GC(2) Garbage Collection (Metadata GC Threshold) 242M(6%)->80M(2%)
[10.043s][info][gc,stats    ] === Garbage Collection Statistics =======================================================================================================================
[10.043s][info][gc,stats    ]                                                              Last 10s              Last 10m              Last 10h                Total
[10.043s][info][gc,stats    ]                                                              Avg / Max             Avg / Max             Avg / Max             Avg / Max
[10.043s][info][gc,stats    ]   Collector: Garbage Collection Cycle                     49.811 / 57.027       49.811 / 57.027       49.811 / 57.027       49.811 / 57.027      ms
[10.043s][info][gc,stats    ]  Contention: Mark Segment Reset Contention                     0 / 1                 0 / 1                 0 / 1                 0 / 1           ops/s
[10.043s][info][gc,stats    ]  Contention: Mark SeqNum Reset Contention                      0 / 0                 0 / 0                 0 / 0                 0 / 0           ops/s
[10.043s][info][gc,stats    ]    Critical: Allocation Stall                                  0 / 0                 0 / 0                 0 / 0                 0 / 0           ops/s
[10.043s][info][gc,stats    ]    Critical: Allocation Stall                              0.000 / 0.000         0.000 / 0.000         0.000 / 0.000         0.000 / 0.000       ms
[10.043s][info][gc,stats    ]    Critical: GC Locker Stall                                   0 / 0                 0 / 0                 0 / 0                 0 / 0           ops/s
[10.043s][info][gc,stats    ]    Critical: GC Locker Stall                               0.000 / 0.000         0.000 / 0.000         0.000 / 0.000         0.000 / 0.000       ms
[10.043s][info][gc,stats    ]    Critical: Relocation Stall                                  0 / 0                 0 / 0                 0 / 0                 0 / 0           ops/s
[10.043s][info][gc,stats    ]    Critical: Relocation Stall                              0.000 / 0.000         0.000 / 0.000         0.000 / 0.000         0.000 / 0.000       ms
[10.043s][info][gc,stats    ]      Memory: Allocation Rate                                  65 / 172              65 / 172              65 / 172              65 / 172         MB/s
[10.043s][info][gc,stats    ]      Memory: Defragment                                        0 / 0                 0 / 0                 0 / 0                 0 / 0           ops/s
[10.043s][info][gc,stats    ]      Memory: Out Of Memory                                     0 / 0                 0 / 0                 0 / 0                 0 / 0           ops/s
[10.043s][info][gc,stats    ]      Memory: Page Cache Flush                                  0 / 0                 0 / 0                 0 / 0                 0 / 0           MB/s
[10.043s][info][gc,stats    ]      Memory: Page Cache Hit L1                                19 / 69               19 / 69               19 / 69               19 / 69          ops/s
[10.043s][info][gc,stats    ]      Memory: Page Cache Hit L2                                 0 / 0                 0 / 0                 0 / 0                 0 / 0           ops/s
[10.043s][info][gc,stats    ]      Memory: Page Cache Hit L3                                11 / 43               11 / 43               11 / 43               11 / 43          ops/s
[10.043s][info][gc,stats    ]      Memory: Page Cache Miss                                   1 / 6                 1 / 6                 1 / 6                 1 / 6           ops/s
[10.043s][info][gc,stats    ]      Memory: Uncommit                                          0 / 0                 0 / 0                 0 / 0                 0 / 0           MB/s
[10.043s][info][gc,stats    ]      Memory: Undo Object Allocation Failed                     0 / 0                 0 / 0                 0 / 0                 0 / 0           ops/s
[10.043s][info][gc,stats    ]      Memory: Undo Object Allocation Succeeded                  0 / 0                 0 / 0                 0 / 0                 0 / 0           ops/s
[10.043s][info][gc,stats    ]      Memory: Undo Page Allocation                              0 / 0                 0 / 0                 0 / 0                 0 / 0           ops/s
[10.043s][info][gc,stats    ]       Phase: Concurrent Mark                              30.045 / 36.893       30.045 / 36.893       30.045 / 36.893       30.045 / 36.893      ms
[10.043s][info][gc,stats    ]       Phase: Concurrent Mark Continue                      0.000 / 0.000         0.000 / 0.000         0.000 / 0.000         0.000 / 0.000       ms
[10.043s][info][gc,stats    ]       Phase: Concurrent Mark Free                          0.000 / 0.000         0.000 / 0.000         0.000 / 0.000         0.000 / 0.000       ms
[10.043s][info][gc,stats    ]       Phase: Concurrent Process Non-Strong References      5.245 / 6.574         5.245 / 6.574         5.245 / 6.574         5.245 / 6.574       ms
[10.043s][info][gc,stats    ]       Phase: Concurrent Relocate                           8.020 / 9.321         8.020 / 9.321         8.020 / 9.321         8.020 / 9.321       ms
[10.043s][info][gc,stats    ]       Phase: Concurrent Reset Relocation Set               0.005 / 0.012         0.005 / 0.012         0.005 / 0.012         0.005 / 0.012       ms
[10.043s][info][gc,stats    ]       Phase: Concurrent Select Relocation Set              5.914 / 8.312         5.914 / 8.312         5.914 / 8.312         5.914 / 8.312       ms
[10.043s][info][gc,stats    ]       Phase: Pause Mark End                                0.021 / 0.031         0.021 / 0.031         0.021 / 0.031         0.021 / 0.031       ms
[10.043s][info][gc,stats    ]       Phase: Pause Mark Start                              0.007 / 0.010         0.007 / 0.010         0.007 / 0.010         0.007 / 0.010       ms
[10.043s][info][gc,stats    ]       Phase: Pause Relocate Start                          0.007 / 0.007         0.007 / 0.007         0.007 / 0.007         0.007 / 0.007       ms
[10.043s][info][gc,stats    ]    Subphase: Concurrent Classes Purge                      0.032 / 0.036         0.032 / 0.036         0.032 / 0.036         0.032 / 0.036       ms
[10.043s][info][gc,stats    ]    Subphase: Concurrent Classes Unlink                     3.951 / 4.778         3.951 / 4.778         3.951 / 4.778         3.951 / 4.778       ms
[10.043s][info][gc,stats    ]    Subphase: Concurrent Mark                              28.171 / 34.715       28.171 / 34.715       28.171 / 34.715       28.171 / 34.715      ms
[10.043s][info][gc,stats    ]    Subphase: Concurrent Mark Try Flush                     0.294 / 2.589         0.294 / 2.589         0.294 / 2.589         0.294 / 2.589       ms
[10.043s][info][gc,stats    ]    Subphase: Concurrent Mark Try Terminate                 0.474 / 1.273         0.474 / 1.273         0.474 / 1.273         0.474 / 1.273       ms
[10.043s][info][gc,stats    ]    Subphase: Concurrent References Enqueue                 0.004 / 0.004         0.004 / 0.004         0.004 / 0.004         0.004 / 0.004       ms
[10.043s][info][gc,stats    ]    Subphase: Concurrent References Process                 0.328 / 0.431         0.328 / 0.431         0.328 / 0.431         0.328 / 0.431       ms
[10.043s][info][gc,stats    ]    Subphase: Concurrent Roots ClassLoaderDataGraph         0.160 / 0.373         0.160 / 0.373         0.160 / 0.373         0.160 / 0.373       ms
[10.043s][info][gc,stats    ]    Subphase: Concurrent Roots CodeCache                    0.000 / 0.000         0.000 / 0.000         0.000 / 0.000         0.000 / 0.000       ms
[10.043s][info][gc,stats    ]    Subphase: Concurrent Roots JavaThreads                  1.050 / 1.778         1.050 / 1.778         1.050 / 1.778         1.050 / 1.778       ms
[10.043s][info][gc,stats    ]    Subphase: Concurrent Roots OopStorageSet                0.107 / 0.314         0.107 / 0.314         0.107 / 0.314         0.107 / 0.314       ms
[10.043s][info][gc,stats    ]    Subphase: Concurrent Weak Roots OopStorageSet           0.577 / 0.943         0.577 / 0.943         0.577 / 0.943         0.577 / 0.943       ms
[10.043s][info][gc,stats    ]    Subphase: Pause Mark Try Complete                       0.011 / 0.013         0.011 / 0.013         0.011 / 0.013         0.011 / 0.013       ms
[10.043s][info][gc,stats    ]      System: Java Threads                                     18 / 22               18 / 22               18 / 22               18 / 22          threads
[10.043s][info][gc,stats    ] =========================================================================================================================================================
[20.044s][info][gc,stats    ] === Garbage Collection Statistics ========================================================================================================
```
